=== vamp-test-plugin:vamp-test-plugin:grid-fsr
 20.015600907: 0.1 0.15 0.2 0.25 0.3 0.35 0.4 0.45 0.5 0.55 1 of 10 at 0
 20.015600907: 0.15 0.2 0.25 0.3 0.35 0.4 0.45 0.5 0.55 0.6 2 of 10 at 0.4
 20.015600907: 0.2 0.25 0.3 0.35 0.4 0.45 0.5 0.55 0.6 0.65 3 of 10 at 0.8
 20.015600907: 0.25 0.3 0.35 0.4 0.45 0.5 0.55 0.6 0.65 0.7 4 of 10 at 1.2
 20.015600907: 0.3 0.35 0.4 0.45 0.5 0.55 0.6 0.65 0.7 0.75 5 of 10 at 1.6
 20.015600907: 0.35 0.4 0.45 0.5 0.55 0.6 0.65 0.7 0.75 0.8 6 of 10 at 2
 20.015600907: 0.4 0.45 0.5 0.55 0.6 0.65 0.7 0.75 0.8 0.85 7 of 10 at 2.4
 20.015600907: 0.45 0.5 0.55 0.6 0.65 0.7 0.75 0.8 0.85 0.9 8 of 10 at 2.8
 20.015600907: 0.5 0.55 0.6 0.65 0.7 0.75 0.8 0.85 0.9 0.95 9 of 10 at 3.2
 20.015600907: 0.55 0.6 0.65 0.7 0.75 0.8 0.85 0.9 0.95 1 10 of 10 at 3.6
