=== vamp-test-plugin:vamp-test-plugin-freq:curve-fsr
 0.011609977: 0 1 of 10: 0 at 0
 0.023219954: 0.1 2 of 10: 0.1 at 0.4
 0.034829931: 0.2 3 of 10: 0.2 at 0.8
 0.046417233: 0.3 4 of 10: 0.3 at 1.2
 0.058049886: 0.4 5 of 10: 0.4 at 1.6
 20.003990929: 0.5 6 of 10: 0.5 at 2
 20.003990929: 0.6 7 of 10: 0.6 at 2.4
 20.003990929: 0.7 8 of 10: 0.7 at 2.8
 20.003990929: 0.8 9 of 10: 0.8 at 3.2
 20.003990929: 0.9 10 of 10: 0.9 at 3.6
