=== vamp-test-plugin:vamp-test-plugin-freq:curve-oss
 0.011609977: 0 1 of 20: 0 at 0.011
 0.023219954: 0.05 2 of 20: 0.05 at 0.023
 0.034829931: 0.1 3 of 20: 0.1 at 0.034
 0.046417233: 0.15 4 of 20: 0.15 at 0.046
 0.058049886: 0.2 5 of 20: 0.2 at 0.058
 0.069659863: 0.25 6 of 20: 0.25 at 0.069
 0.081247165: 0.3 7 of 20: 0.3 at 0.081
 0.092879818: 0.35 8 of 20: 0.35 at 0.092
 0.104489795: 0.4 9 of 20: 0.4 at 0.104
 0.116077097: 0.45 10 of 20: 0.45 at 0.116
 0.127709750: 0.5 11 of 20: 0.5 at 0.127
 0.139319727: 0.55 12 of 20: 0.55 at 0.139
 0.150907029: 0.6 13 of 20: 0.6 at 0.15
 0.162539682: 0.65 14 of 20: 0.65 at 0.162
 0.174149659: 0.7 15 of 20: 0.7 at 0.174
 0.185736961: 0.75 16 of 20: 0.75 at 0.185
 0.197369614: 0.8 17 of 20: 0.8 at 0.197
 0.208979591: 0.85 18 of 20: 0.85 at 0.208
 0.220566893: 0.9 19 of 20: 0.9 at 0.22
 0.232199546: 0.95 20 of 20: 0.95 at 0.232
